mode: set
github.com/devmeireles/gnosi-api/app/services/categories.go:11.50,18.16 5 1
github.com/devmeireles/gnosi-api/app/services/categories.go:22.2,22.25 1 1
github.com/devmeireles/gnosi-api/app/services/categories.go:18.16,20.3 1 0
github.com/devmeireles/gnosi-api/app/services/categories.go:26.52,33.16 5 1
github.com/devmeireles/gnosi-api/app/services/categories.go:37.2,37.23 1 1
github.com/devmeireles/gnosi-api/app/services/categories.go:33.16,35.3 1 1
github.com/devmeireles/gnosi-api/app/services/categories.go:41.72,44.77 2 1
github.com/devmeireles/gnosi-api/app/services/categories.go:48.2,48.22 1 1
github.com/devmeireles/gnosi-api/app/services/categories.go:44.77,46.3 1 1
github.com/devmeireles/gnosi-api/app/services/categories.go:52.82,58.16 3 1
github.com/devmeireles/gnosi-api/app/services/categories.go:63.2,63.22 1 1
github.com/devmeireles/gnosi-api/app/services/categories.go:58.16,61.3 2 0
github.com/devmeireles/gnosi-api/app/services/categories.go:67.55,74.16 5 0
github.com/devmeireles/gnosi-api/app/services/categories.go:78.2,80.16 2 0
github.com/devmeireles/gnosi-api/app/services/categories.go:84.2,84.23 1 0
github.com/devmeireles/gnosi-api/app/services/categories.go:74.16,76.3 1 0
github.com/devmeireles/gnosi-api/app/services/categories.go:80.16,82.3 1 0
github.com/devmeireles/gnosi-api/app/utils/validations/category.go:11.73,24.16 5 1
github.com/devmeireles/gnosi-api/app/utils/validations/category.go:29.2,29.12 1 1
github.com/devmeireles/gnosi-api/app/utils/validations/category.go:24.16,27.3 2 1
github.com/devmeireles/gnosi-api/app/controller/catalogues.go:17.60,20.16 2 0
github.com/devmeireles/gnosi-api/app/controller/catalogues.go:25.2,25.29 1 0
github.com/devmeireles/gnosi-api/app/controller/catalogues.go:20.16,23.3 2 0
github.com/devmeireles/gnosi-api/app/controller/catalogues.go:29.59,35.16 4 0
github.com/devmeireles/gnosi-api/app/controller/catalogues.go:39.2,39.28 1 0
github.com/devmeireles/gnosi-api/app/controller/catalogues.go:35.16,38.3 2 0
github.com/devmeireles/gnosi-api/app/controller/catalogues.go:43.62,45.16 2 0
github.com/devmeireles/gnosi-api/app/controller/catalogues.go:50.2,52.16 3 0
github.com/devmeireles/gnosi-api/app/controller/catalogues.go:57.2,59.23 2 0
github.com/devmeireles/gnosi-api/app/controller/catalogues.go:64.2,67.16 3 0
github.com/devmeireles/gnosi-api/app/controller/catalogues.go:71.2,71.31 1 0
github.com/devmeireles/gnosi-api/app/controller/catalogues.go:45.16,48.3 2 0
github.com/devmeireles/gnosi-api/app/controller/catalogues.go:52.16,55.3 2 0
github.com/devmeireles/gnosi-api/app/controller/catalogues.go:59.23,62.3 2 0
github.com/devmeireles/gnosi-api/app/controller/catalogues.go:67.16,70.3 2 0
github.com/devmeireles/gnosi-api/app/controller/catalogues.go:75.62,80.16 4 0
github.com/devmeireles/gnosi-api/app/controller/catalogues.go:85.2,91.16 5 0
github.com/devmeireles/gnosi-api/app/controller/catalogues.go:96.2,96.35 1 0
github.com/devmeireles/gnosi-api/app/controller/catalogues.go:80.16,83.3 2 0
github.com/devmeireles/gnosi-api/app/controller/catalogues.go:91.16,94.3 2 0
github.com/devmeireles/gnosi-api/app/controller/catalogues.go:100.62,104.16 3 0
github.com/devmeireles/gnosi-api/app/controller/catalogues.go:109.2,111.16 2 0
github.com/devmeireles/gnosi-api/app/controller/catalogues.go:116.2,116.18 1 0
github.com/devmeireles/gnosi-api/app/controller/catalogues.go:104.16,107.3 2 0
github.com/devmeireles/gnosi-api/app/controller/catalogues.go:111.16,114.3 2 0
github.com/devmeireles/gnosi-api/app/utils/crypto.go:14.37,16.16 2 0
github.com/devmeireles/gnosi-api/app/utils/crypto.go:19.2,19.21 1 0
github.com/devmeireles/gnosi-api/app/utils/crypto.go:16.16,18.3 1 0
github.com/devmeireles/gnosi-api/app/utils/crypto.go:22.63,25.16 3 0
github.com/devmeireles/gnosi-api/app/utils/crypto.go:28.2,28.13 1 0
github.com/devmeireles/gnosi-api/app/utils/crypto.go:25.16,27.3 1 0
github.com/devmeireles/gnosi-api/app/utils/crypto.go:31.51,33.19 2 0
github.com/devmeireles/gnosi-api/app/utils/crypto.go:37.2,38.18 2 0
github.com/devmeireles/gnosi-api/app/utils/crypto.go:42.2,49.16 8 0
github.com/devmeireles/gnosi-api/app/utils/crypto.go:52.2,52.19 1 0
github.com/devmeireles/gnosi-api/app/utils/crypto.go:33.19,35.3 1 0
github.com/devmeireles/gnosi-api/app/utils/crypto.go:38.18,40.3 1 0
github.com/devmeireles/gnosi-api/app/utils/crypto.go:49.16,51.3 1 0
github.com/devmeireles/gnosi-api/app/utils/crypto.go:55.45,57.19 2 0
github.com/devmeireles/gnosi-api/app/utils/crypto.go:61.2,62.18 2 0
github.com/devmeireles/gnosi-api/app/utils/crypto.go:66.2,66.83 1 0
github.com/devmeireles/gnosi-api/app/utils/crypto.go:72.2,72.16 1 0
github.com/devmeireles/gnosi-api/app/utils/crypto.go:75.2,75.20 1 0
github.com/devmeireles/gnosi-api/app/utils/crypto.go:57.19,59.3 1 0
github.com/devmeireles/gnosi-api/app/utils/crypto.go:62.18,64.3 1 0
github.com/devmeireles/gnosi-api/app/utils/crypto.go:66.83,67.58 1 0
github.com/devmeireles/gnosi-api/app/utils/crypto.go:70.3,70.29 1 0
github.com/devmeireles/gnosi-api/app/utils/crypto.go:67.58,69.4 1 0
github.com/devmeireles/gnosi-api/app/utils/crypto.go:72.16,74.3 1 0
github.com/devmeireles/gnosi-api/app/services/catalogues.go:11.51,18.16 5 0
github.com/devmeireles/gnosi-api/app/services/catalogues.go:23.2,23.25 1 0
github.com/devmeireles/gnosi-api/app/services/catalogues.go:18.16,21.3 2 0
github.com/devmeireles/gnosi-api/app/services/catalogues.go:27.54,34.16 5 0
github.com/devmeireles/gnosi-api/app/services/catalogues.go:38.2,38.24 1 0
github.com/devmeireles/gnosi-api/app/services/catalogues.go:34.16,36.3 1 0
github.com/devmeireles/gnosi-api/app/services/catalogues.go:42.76,45.79 2 0
github.com/devmeireles/gnosi-api/app/services/catalogues.go:49.2,49.23 1 0
github.com/devmeireles/gnosi-api/app/services/catalogues.go:45.79,47.3 1 0
github.com/devmeireles/gnosi-api/app/services/catalogues.go:53.86,56.100 2 0
github.com/devmeireles/gnosi-api/app/services/catalogues.go:60.2,60.23 1 0
github.com/devmeireles/gnosi-api/app/services/catalogues.go:56.100,58.3 1 0
github.com/devmeireles/gnosi-api/app/services/catalogues.go:64.57,71.16 5 0
github.com/devmeireles/gnosi-api/app/services/catalogues.go:75.2,77.16 2 0
github.com/devmeireles/gnosi-api/app/services/catalogues.go:81.2,81.24 1 0
github.com/devmeireles/gnosi-api/app/services/catalogues.go:71.16,73.3 1 0
github.com/devmeireles/gnosi-api/app/services/catalogues.go:77.16,79.3 1 0
github.com/devmeireles/gnosi-api/app/utils/validations/catalogue.go:11.76,26.16 5 0
github.com/devmeireles/gnosi-api/app/utils/validations/catalogue.go:31.2,31.12 1 0
github.com/devmeireles/gnosi-api/app/utils/validations/catalogue.go:26.16,29.3 2 0
github.com/devmeireles/gnosi-api/app/routes/router.go:14.49,51.2 22 1
github.com/devmeireles/gnosi-api/app/models/user.go:34.52,37.2 2 0
github.com/devmeireles/gnosi-api/app/models/user.go:40.53,42.16 2 0
github.com/devmeireles/gnosi-api/app/models/user.go:45.2,45.12 1 0
github.com/devmeireles/gnosi-api/app/models/user.go:42.16,44.3 1 0
github.com/devmeireles/gnosi-api/app/models/user.go:49.41,52.16 3 0
github.com/devmeireles/gnosi-api/app/models/user.go:55.2,56.12 2 0
github.com/devmeireles/gnosi-api/app/models/user.go:52.16,54.3 1 0
github.com/devmeireles/gnosi-api/app/utils/json.go:12.39,21.16 5 0
github.com/devmeireles/gnosi-api/app/utils/json.go:26.2,27.8 2 0
github.com/devmeireles/gnosi-api/app/utils/json.go:21.16,24.3 2 0
github.com/devmeireles/gnosi-api/app/utils/json.go:30.65,40.16 5 1
github.com/devmeireles/gnosi-api/app/utils/json.go:45.2,46.8 2 1
github.com/devmeireles/gnosi-api/app/utils/json.go:40.16,43.3 2 0
github.com/devmeireles/gnosi-api/app/utils/json.go:49.56,59.16 5 1
github.com/devmeireles/gnosi-api/app/utils/json.go:64.2,65.8 2 1
github.com/devmeireles/gnosi-api/app/utils/json.go:59.16,62.3 2 0
github.com/devmeireles/gnosi-api/app/utils/json.go:68.83,78.16 5 1
github.com/devmeireles/gnosi-api/app/utils/json.go:83.2,84.8 2 1
github.com/devmeireles/gnosi-api/app/utils/json.go:78.16,81.3 2 0
github.com/devmeireles/gnosi-api/app/utils/slugfy.go:11.30,13.2 1 1
github.com/devmeireles/gnosi-api/app/utils/token.go:10.51,17.2 6 0
github.com/devmeireles/gnosi-api/app/services/season.go:11.45,18.16 5 0
github.com/devmeireles/gnosi-api/app/services/season.go:23.2,23.22 1 0
github.com/devmeireles/gnosi-api/app/services/season.go:18.16,21.3 2 0
github.com/devmeireles/gnosi-api/app/services/season.go:27.48,34.16 5 0
github.com/devmeireles/gnosi-api/app/services/season.go:38.2,38.21 1 0
github.com/devmeireles/gnosi-api/app/services/season.go:34.16,36.3 1 0
github.com/devmeireles/gnosi-api/app/services/season.go:42.64,45.73 2 0
github.com/devmeireles/gnosi-api/app/services/season.go:49.2,49.20 1 0
github.com/devmeireles/gnosi-api/app/services/season.go:45.73,47.3 1 0
github.com/devmeireles/gnosi-api/app/services/season.go:53.74,56.94 2 0
github.com/devmeireles/gnosi-api/app/services/season.go:60.2,60.20 1 0
github.com/devmeireles/gnosi-api/app/services/season.go:56.94,58.3 1 0
github.com/devmeireles/gnosi-api/app/services/season.go:64.51,71.16 5 0
github.com/devmeireles/gnosi-api/app/services/season.go:75.2,77.16 2 0
github.com/devmeireles/gnosi-api/app/services/season.go:81.2,81.21 1 0
github.com/devmeireles/gnosi-api/app/services/season.go:71.16,73.3 1 0
github.com/devmeireles/gnosi-api/app/services/season.go:77.16,79.3 1 0
github.com/devmeireles/gnosi-api/app/services/user.go:8.58,11.69 2 0
github.com/devmeireles/gnosi-api/app/services/user.go:15.2,15.18 1 0
github.com/devmeireles/gnosi-api/app/services/user.go:11.69,13.3 1 0
github.com/devmeireles/gnosi-api/app/services/user.go:18.44,25.16 5 0
github.com/devmeireles/gnosi-api/app/services/user.go:29.2,29.20 1 0
github.com/devmeireles/gnosi-api/app/services/user.go:25.16,27.3 1 0
github.com/devmeireles/gnosi-api/app/services/user.go:32.44,39.16 5 0
github.com/devmeireles/gnosi-api/app/services/user.go:43.2,43.19 1 0
github.com/devmeireles/gnosi-api/app/services/user.go:39.16,41.3 1 0
github.com/devmeireles/gnosi-api/app/services/user.go:46.59,53.16 5 0
github.com/devmeireles/gnosi-api/app/services/user.go:57.2,57.19 1 0
github.com/devmeireles/gnosi-api/app/services/user.go:53.16,55.3 1 0
github.com/devmeireles/gnosi-api/app/services/user.go:60.47,67.16 5 0
github.com/devmeireles/gnosi-api/app/services/user.go:71.2,73.16 2 0
github.com/devmeireles/gnosi-api/app/services/user.go:77.2,77.19 1 0
github.com/devmeireles/gnosi-api/app/services/user.go:67.16,69.3 1 0
github.com/devmeireles/gnosi-api/app/services/user.go:73.16,75.3 1 0
github.com/devmeireles/gnosi-api/app/controller/seasons.go:16.57,19.16 2 0
github.com/devmeireles/gnosi-api/app/controller/seasons.go:24.2,24.26 1 0
github.com/devmeireles/gnosi-api/app/controller/seasons.go:19.16,22.3 2 0
github.com/devmeireles/gnosi-api/app/controller/seasons.go:28.56,34.16 4 0
github.com/devmeireles/gnosi-api/app/controller/seasons.go:38.2,38.25 1 0
github.com/devmeireles/gnosi-api/app/controller/seasons.go:34.16,37.3 2 0
github.com/devmeireles/gnosi-api/app/controller/seasons.go:42.59,44.16 2 0
github.com/devmeireles/gnosi-api/app/controller/seasons.go:49.2,51.16 3 0
github.com/devmeireles/gnosi-api/app/controller/seasons.go:56.2,59.16 3 0
github.com/devmeireles/gnosi-api/app/controller/seasons.go:63.2,63.30 1 0
github.com/devmeireles/gnosi-api/app/controller/seasons.go:44.16,47.3 2 0
github.com/devmeireles/gnosi-api/app/controller/seasons.go:51.16,54.3 2 0
github.com/devmeireles/gnosi-api/app/controller/seasons.go:59.16,62.3 2 0
github.com/devmeireles/gnosi-api/app/controller/seasons.go:67.59,72.16 4 0
github.com/devmeireles/gnosi-api/app/controller/seasons.go:77.2,83.16 5 0
github.com/devmeireles/gnosi-api/app/controller/seasons.go:88.2,88.34 1 0
github.com/devmeireles/gnosi-api/app/controller/seasons.go:72.16,75.3 2 0
github.com/devmeireles/gnosi-api/app/controller/seasons.go:83.16,86.3 2 0
github.com/devmeireles/gnosi-api/app/controller/seasons.go:92.59,96.16 3 0
github.com/devmeireles/gnosi-api/app/controller/seasons.go:101.2,103.16 2 0
github.com/devmeireles/gnosi-api/app/controller/seasons.go:108.2,108.18 1 0
github.com/devmeireles/gnosi-api/app/controller/seasons.go:96.16,99.3 2 0
github.com/devmeireles/gnosi-api/app/controller/seasons.go:103.16,106.3 2 0
github.com/devmeireles/gnosi-api/app/utils/database.go:22.80,29.16 3 1
github.com/devmeireles/gnosi-api/app/utils/database.go:33.2,33.16 1 1
github.com/devmeireles/gnosi-api/app/utils/database.go:37.2,39.13 2 1
github.com/devmeireles/gnosi-api/app/utils/database.go:29.16,31.3 1 0
github.com/devmeireles/gnosi-api/app/utils/database.go:33.16,35.3 1 0
github.com/devmeireles/gnosi-api/app/utils/database.go:49.18,55.2 4 1
github.com/devmeireles/gnosi-api/app/utils/database.go:57.24,59.2 1 1
github.com/devmeireles/gnosi-api/app/controller/auth.go:15.52,17.16 2 0
github.com/devmeireles/gnosi-api/app/controller/auth.go:22.2,24.16 3 0
github.com/devmeireles/gnosi-api/app/controller/auth.go:29.2,30.16 2 0
github.com/devmeireles/gnosi-api/app/controller/auth.go:35.2,35.80 1 0
github.com/devmeireles/gnosi-api/app/controller/auth.go:40.2,42.57 2 0
github.com/devmeireles/gnosi-api/app/controller/auth.go:17.16,20.3 2 0
github.com/devmeireles/gnosi-api/app/controller/auth.go:24.16,27.3 2 0
github.com/devmeireles/gnosi-api/app/controller/auth.go:30.16,33.3 2 0
github.com/devmeireles/gnosi-api/app/controller/auth.go:35.80,38.3 2 0
github.com/devmeireles/gnosi-api/app/controller/auth.go:46.57,48.16 2 0
github.com/devmeireles/gnosi-api/app/controller/auth.go:53.2,56.16 3 0
github.com/devmeireles/gnosi-api/app/controller/auth.go:61.2,64.16 3 0
github.com/devmeireles/gnosi-api/app/controller/auth.go:68.2,68.26 1 0
github.com/devmeireles/gnosi-api/app/controller/auth.go:48.16,51.3 2 0
github.com/devmeireles/gnosi-api/app/controller/auth.go:56.16,59.3 2 0
github.com/devmeireles/gnosi-api/app/controller/auth.go:64.16,67.3 2 0
github.com/devmeireles/gnosi-api/app/controller/categories.go:18.60,21.16 2 1
github.com/devmeireles/gnosi-api/app/controller/categories.go:26.2,26.29 1 1
github.com/devmeireles/gnosi-api/app/controller/categories.go:21.16,24.3 2 0
github.com/devmeireles/gnosi-api/app/controller/categories.go:30.58,36.16 4 1
github.com/devmeireles/gnosi-api/app/controller/categories.go:40.2,40.27 1 1
github.com/devmeireles/gnosi-api/app/controller/categories.go:36.16,39.3 2 1
github.com/devmeireles/gnosi-api/app/controller/categories.go:44.61,46.16 2 1
github.com/devmeireles/gnosi-api/app/controller/categories.go:51.2,53.16 3 1
github.com/devmeireles/gnosi-api/app/controller/categories.go:58.2,62.23 3 1
github.com/devmeireles/gnosi-api/app/controller/categories.go:67.2,69.16 2 1
github.com/devmeireles/gnosi-api/app/controller/categories.go:73.2,73.30 1 1
github.com/devmeireles/gnosi-api/app/controller/categories.go:46.16,49.3 2 0
github.com/devmeireles/gnosi-api/app/controller/categories.go:53.16,56.3 2 0
github.com/devmeireles/gnosi-api/app/controller/categories.go:62.23,65.3 2 0
github.com/devmeireles/gnosi-api/app/controller/categories.go:69.16,72.3 2 1
github.com/devmeireles/gnosi-api/app/controller/categories.go:77.61,82.16 4 1
github.com/devmeireles/gnosi-api/app/controller/categories.go:87.2,88.16 2 1
github.com/devmeireles/gnosi-api/app/controller/categories.go:93.2,100.23 5 1
github.com/devmeireles/gnosi-api/app/controller/categories.go:105.2,107.16 2 1
github.com/devmeireles/gnosi-api/app/controller/categories.go:112.2,112.34 1 1
github.com/devmeireles/gnosi-api/app/controller/categories.go:82.16,85.3 2 0
github.com/devmeireles/gnosi-api/app/controller/categories.go:88.16,91.3 2 1
github.com/devmeireles/gnosi-api/app/controller/categories.go:100.23,103.3 2 1
github.com/devmeireles/gnosi-api/app/controller/categories.go:107.16,110.3 2 0
github.com/devmeireles/gnosi-api/app/controller/categories.go:116.61,120.16 3 0
github.com/devmeireles/gnosi-api/app/controller/categories.go:125.2,127.16 2 0
github.com/devmeireles/gnosi-api/app/controller/categories.go:132.2,132.18 1 0
github.com/devmeireles/gnosi-api/app/controller/categories.go:120.16,123.3 2 0
github.com/devmeireles/gnosi-api/app/controller/categories.go:127.16,130.3 2 0
